{"event": "THIS IS A TEST ERROR MESSAGE.", "logger": "tests.unit.test_logging_is_working", "level": "error", "timestamp": "2025-09-09T03:51:39.646177Z"}
{"event": "Fold 1/5_failed", "logger": "ModelTraining", "level": "error", "timestamp": "2025-10-01T02:41:38.662487Z"}
{"event": "Training model: xgboost_failed", "logger": "ModelTraining", "level": "error", "timestamp": "2025-10-01T02:41:38.663168Z"}
{"event": "load_data_failed", "logger": "src.data.data_loader", "level": "error", "timestamp": "2025-10-01T03:38:41.406702Z"}
{"event": "load_data_failed", "logger": "src.data.data_loader", "level": "error", "timestamp": "2025-10-01T03:38:41.413269Z"}
{"event": "Pandera validation failed.", "logger": "src.data.data_validator", "level": "error", "timestamp": "2025-10-01T03:38:41.775310Z"}
{"event": "data_validation_failed", "logger": "src.data.data_validator", "level": "error", "timestamp": "2025-10-01T03:38:41.776009Z"}
{"event": "Pandera validation failed.", "logger": "src.data.data_validator", "level": "error", "timestamp": "2025-10-01T03:38:41.820505Z"}
{"event": "data_validation_failed", "logger": "src.data.data_validator", "level": "error", "timestamp": "2025-10-01T03:38:41.821191Z"}
{"event": "Pandera validation failed.", "logger": "src.data.data_validator", "level": "error", "timestamp": "2025-10-01T03:38:41.842957Z"}
{"event": "data_validation_failed", "logger": "src.data.data_validator", "level": "error", "timestamp": "2025-10-01T03:38:41.843813Z"}
{"event": "Pandera validation failed.", "logger": "src.data.data_validator", "level": "error", "timestamp": "2025-10-01T03:38:41.853414Z"}
{"event": "data_validation_failed", "logger": "src.data.data_validator", "level": "error", "timestamp": "2025-10-01T03:38:41.854061Z"}
{"event": "Pandera validation failed.", "logger": "src.data.data_validator", "level": "error", "timestamp": "2025-10-01T03:38:41.858664Z"}
{"event": "data_validation_failed", "logger": "src.data.data_validator", "level": "error", "timestamp": "2025-10-01T03:38:41.859283Z"}
{"event": "load_data_failed", "logger": "src.data.data_loader", "level": "error", "timestamp": "2025-10-01T03:42:28.909205Z"}
{"event": "load_data_failed", "logger": "src.data.data_loader", "level": "error", "timestamp": "2025-10-01T03:42:28.914771Z"}
{"event": "Pandera validation failed.", "logger": "src.data.data_validator", "level": "error", "timestamp": "2025-10-01T03:42:29.306316Z"}
{"event": "data_validation_failed", "logger": "src.data.data_validator", "level": "error", "timestamp": "2025-10-01T03:42:29.307043Z"}
{"event": "Pandera validation failed.", "logger": "src.data.data_validator", "level": "error", "timestamp": "2025-10-01T03:42:29.347998Z"}
{"event": "data_validation_failed", "logger": "src.data.data_validator", "level": "error", "timestamp": "2025-10-01T03:42:29.348639Z"}
{"event": "Pandera validation failed.", "logger": "src.data.data_validator", "level": "error", "timestamp": "2025-10-01T03:42:29.370419Z"}
{"event": "data_validation_failed", "logger": "src.data.data_validator", "level": "error", "timestamp": "2025-10-01T03:42:29.371062Z"}
{"event": "Pandera validation failed.", "logger": "src.data.data_validator", "level": "error", "timestamp": "2025-10-01T03:42:29.380044Z"}
{"event": "data_validation_failed", "logger": "src.data.data_validator", "level": "error", "timestamp": "2025-10-01T03:42:29.380691Z"}
{"event": "Pandera validation failed.", "logger": "src.data.data_validator", "level": "error", "timestamp": "2025-10-01T03:42:29.385205Z"}
{"event": "data_validation_failed", "logger": "src.data.data_validator", "level": "error", "timestamp": "2025-10-01T03:42:29.385879Z"}
{"event": "Fold 1/5_failed", "logger": "ModelTraining", "level": "error", "timestamp": "2025-10-02T15:12:48.027245Z"}
{"event": "Training model: xgboost_failed", "logger": "ModelTraining", "level": "error", "timestamp": "2025-10-02T15:12:48.027889Z"}
{"event": "Fold 1/5_failed", "logger": "ModelTraining", "level": "error", "timestamp": "2025-10-02T15:17:46.037984Z"}
{"event": "Training model: xgboost_failed", "logger": "ModelTraining", "level": "error", "timestamp": "2025-10-02T15:17:46.038330Z"}
{"event": "Fold 1/3_failed", "logger": "ModelTraining", "level": "error", "timestamp": "2025-10-02T16:41:33.633196Z"}
{"event": "Training model: xgboost_failed", "logger": "ModelTraining", "level": "error", "timestamp": "2025-10-02T16:41:33.634080Z"}
{"event": "Fold 1/5_failed", "logger": "ModelTraining", "level": "error", "timestamp": "2025-10-02T16:45:25.120470Z"}
{"event": "Training model: xgboost_failed", "logger": "ModelTraining", "level": "error", "timestamp": "2025-10-02T16:45:25.121301Z"}
{"event": "Fold 1/5_failed", "logger": "ModelTraining", "level": "error", "timestamp": "2025-10-02T16:49:58.277086Z"}
{"event": "Training model: xgboost_failed", "logger": "ModelTraining", "level": "error", "timestamp": "2025-10-02T16:49:58.277772Z"}
{"event": "Training model: xgboost_failed", "logger": "ModelTraining", "level": "error", "timestamp": "2025-10-02T20:29:07.937000Z"}
{"event": "Training model: xgboost_failed", "logger": "ModelTraining", "level": "error", "timestamp": "2025-10-02T20:30:48.722378Z"}
{"event": "Training model: xgboost_failed", "logger": "ModelTraining", "level": "error", "timestamp": "2025-10-02T20:32:33.564519Z"}
{"event": "Training model: xgboost_failed", "logger": "ModelTraining", "level": "error", "timestamp": "2025-10-02T20:57:32.788124Z"}
