{"event": "--- Starting Data Ingestion & Validation Pipeline ---", "logger": "__main__", "level": "info", "timestamp": "2025-09-08T23:52:46.429053Z"}
{"event": "load_data_started", "logger": "__main__", "level": "info", "timestamp": "2025-09-08T23:52:46.429425Z"}
{"event": "File found. Attempting to load into pandas DataFrame.", "logger": "__main__", "level": "info", "timestamp": "2025-09-08T23:52:46.429763Z"}
{"event": "data_info", "logger": "__main__", "level": "info", "timestamp": "2025-09-08T23:52:47.627665Z"}
{"event": "load_data_completed", "logger": "__main__", "level": "info", "timestamp": "2025-09-08T23:52:47.628028Z"}
{"event": "--- Profiling Raw Data ---", "logger": "__main__", "level": "info", "timestamp": "2025-09-08T23:52:47.628457Z"}
{"event": "\n        Data Quality Summary Report\n        ==========================\n        Generated on: 2025-09-08T23:52:49.863028\n\n        Basic Information:\n        - Rows: 600,000\n        - Columns: 11\n        - Memory Usage: 150.71 MB\n\n        Class Distribution:\n        - Fraud Cases: 798 (0.13%)\n        - Normal Cases: 599202\n        - Imbalance Ratio: 1:750.88\n\n        Data Quality Issues Found: 1 \n- [MEDIUM] Found 338359 transactions with balance inconsistencies\n\nTemporal Coverage:\n- Duration: 30.88 days (741 hours)", "logger": "__main__", "level": "info", "timestamp": "2025-09-08T23:52:49.864773Z"}
{"event": "--- Profiling Processed Data ---", "logger": "__main__", "level": "info", "timestamp": "2025-09-08T23:52:50.327126Z"}
{"event": "\n        Data Quality Summary Report\n        ==========================\n        Generated on: 2025-09-08T23:52:52.258549\n\n        Basic Information:\n        - Rows: 600,000\n        - Columns: 11\n        - Memory Usage: 114.42 MB\n\n        Class Distribution:\n        - Fraud Cases: 798 (0.13%)\n        - Normal Cases: 599202\n        - Imbalance Ratio: 1:750.88\n\n        Data Quality Issues Found: 1 \n- [MEDIUM] Found 338359 transactions with balance inconsistencies\n\nTemporal Coverage:\n- Duration: 30.88 days (741 hours)", "logger": "__main__", "level": "info", "timestamp": "2025-09-08T23:52:52.259535Z"}
{"event": "save_processed_data_started", "logger": "__main__", "level": "info", "timestamp": "2025-09-08T23:52:52.259802Z"}
{"event": "data_info", "logger": "__main__", "level": "info", "timestamp": "2025-09-08T23:52:52.859985Z"}
{"event": "Processed data saved successfully.", "logger": "__main__", "level": "info", "timestamp": "2025-09-08T23:52:52.860231Z"}
{"event": "save_processed_data_completed", "logger": "__main__", "level": "info", "timestamp": "2025-09-08T23:52:52.860460Z"}
{"event": "--- Data Ingestion & Validation Pipeline Finished ---", "logger": "__main__", "level": "info", "timestamp": "2025-09-08T23:52:52.860767Z"}
{"event": "Cannot use sqlite_vec for vector search", "logger": "root", "level": "warning", "timestamp": "2025-09-08T23:54:42.526258Z"}
{"event": "Cannot use sqlite_vec for vector search", "logger": "root", "level": "warning", "timestamp": "2025-09-08T23:54:42.526909Z"}
{"event": "Cannot use sqlite_vec for vector search", "logger": "root", "level": "warning", "timestamp": "2025-09-08T23:54:42.527419Z"}
{"event": "executing_mlflow_setup_test", "logger": "__main__", "level": "info", "timestamp": "2025-09-09T00:18:39.435071Z"}
{"event": "mlflow_setup_initialized_from_config", "logger": "__main__", "level": "info", "timestamp": "2025-09-09T00:18:42.253906Z"}
{"event": "starting_mlflow_test_run", "logger": "__main__", "level": "info", "timestamp": "2025-09-09T00:18:42.254416Z"}
{"event": "mlflow_test_run_logged", "logger": "__main__", "level": "info", "timestamp": "2025-09-09T00:18:42.497299Z"}
{"event": "mlflow_setup_successful", "logger": "__main__", "level": "info", "timestamp": "2025-09-09T00:18:42.524650Z"}
{"event": "mlflow_setup_test_succeeded", "logger": "__main__", "level": "info", "timestamp": "2025-09-09T00:18:42.525113Z"}
{"event": "--- Starting Data Ingestion & Validation Pipeline ---", "logger": "__main__", "level": "info", "timestamp": "2025-09-09T03:23:31.494606Z"}
{"event": "load_data_started", "logger": "__main__", "level": "info", "timestamp": "2025-09-09T03:23:31.495627Z"}
{"event": "File found. Attempting to load into pandas DataFrame.", "logger": "__main__", "level": "info", "timestamp": "2025-09-09T03:23:31.496009Z"}
{"event": "data_info", "logger": "__main__", "level": "info", "timestamp": "2025-09-09T03:23:33.292705Z"}
{"event": "load_data_completed", "logger": "__main__", "level": "info", "timestamp": "2025-09-09T03:23:33.293144Z"}
{"event": "--- Profiling Raw Data ---", "logger": "__main__", "level": "info", "timestamp": "2025-09-09T03:23:33.293487Z"}
{"event": "\n        Data Quality Summary Report\n        ==========================\n        Generated on: 2025-09-09T03:23:35.578459\n\n        Basic Information:\n        - Rows: 600,000\n        - Columns: 11\n        - Memory Usage: 150.71 MB\n\n        Class Distribution:\n        - Fraud Cases: 798 (0.13%)\n        - Normal Cases: 599202\n        - Imbalance Ratio: 1:750.88\n\n        Data Quality Issues Found: 1 \n- [MEDIUM] Found 338359 transactions with balance inconsistencies\n\nTemporal Coverage:\n- Duration: 30.88 days (741 hours)", "logger": "__main__", "level": "info", "timestamp": "2025-09-09T03:23:35.579634Z"}
{"event": "--- Profiling Processed Data ---", "logger": "__main__", "level": "info", "timestamp": "2025-09-09T03:23:36.071679Z"}
{"event": "\n        Data Quality Summary Report\n        ==========================\n        Generated on: 2025-09-09T03:23:38.190220\n\n        Basic Information:\n        - Rows: 600,000\n        - Columns: 11\n        - Memory Usage: 114.42 MB\n\n        Class Distribution:\n        - Fraud Cases: 798 (0.13%)\n        - Normal Cases: 599202\n        - Imbalance Ratio: 1:750.88\n\n        Data Quality Issues Found: 1 \n- [MEDIUM] Found 338359 transactions with balance inconsistencies\n\nTemporal Coverage:\n- Duration: 30.88 days (741 hours)", "logger": "__main__", "level": "info", "timestamp": "2025-09-09T03:23:38.191336Z"}
{"event": "save_processed_data_started", "logger": "__main__", "level": "info", "timestamp": "2025-09-09T03:23:38.191643Z"}
{"event": "data_info", "logger": "__main__", "level": "info", "timestamp": "2025-09-09T03:23:38.845450Z"}
{"event": "Processed data saved successfully.", "logger": "__main__", "level": "info", "timestamp": "2025-09-09T03:23:38.845717Z"}
{"event": "save_processed_data_completed", "logger": "__main__", "level": "info", "timestamp": "2025-09-09T03:23:38.846044Z"}
{"event": "--- Data Ingestion & Validation Pipeline Finished ---", "logger": "__main__", "level": "info", "timestamp": "2025-09-09T03:23:38.846350Z"}
{"event": "--- Starting Data Ingestion & Validation Pipeline ---", "logger": "__main__", "level": "info", "timestamp": "2025-09-09T03:30:26.268755Z"}
{"event": "load_data_started", "logger": "__main__", "level": "info", "timestamp": "2025-09-09T03:30:26.269346Z"}
{"event": "File found. Attempting to load into pandas DataFrame.", "logger": "__main__", "level": "info", "timestamp": "2025-09-09T03:30:26.269821Z"}
{"event": "data_info", "logger": "__main__", "level": "info", "timestamp": "2025-09-09T03:30:27.638199Z"}
{"event": "load_data_completed", "logger": "__main__", "level": "info", "timestamp": "2025-09-09T03:30:27.638476Z"}
{"event": "--- Profiling Raw Data ---", "logger": "__main__", "level": "info", "timestamp": "2025-09-09T03:30:27.638754Z"}
{"event": "\n        Data Quality Summary Report\n        ==========================\n        Generated on: 2025-09-09T03:30:30.023006\n\n        Basic Information:\n        - Rows: 600,000\n        - Columns: 11\n        - Memory Usage: 150.71 MB\n\n        Class Distribution:\n        - Fraud Cases: 798 (0.13%)\n        - Normal Cases: 599202\n        - Imbalance Ratio: 1:750.88\n\n        Data Quality Issues Found: 1 \n- [MEDIUM] Found 338359 transactions with balance inconsistencies\n\nTemporal Coverage:\n- Duration: 30.88 days (741 hours)", "logger": "__main__", "level": "info", "timestamp": "2025-09-09T03:30:30.024768Z"}
{"event": "--- Profiling Processed Data ---", "logger": "__main__", "level": "info", "timestamp": "2025-09-09T03:30:30.582749Z"}
{"event": "\n        Data Quality Summary Report\n        ==========================\n        Generated on: 2025-09-09T03:30:32.789868\n\n        Basic Information:\n        - Rows: 600,000\n        - Columns: 11\n        - Memory Usage: 114.42 MB\n\n        Class Distribution:\n        - Fraud Cases: 798 (0.13%)\n        - Normal Cases: 599202\n        - Imbalance Ratio: 1:750.88\n\n        Data Quality Issues Found: 1 \n- [MEDIUM] Found 338359 transactions with balance inconsistencies\n\nTemporal Coverage:\n- Duration: 30.88 days (741 hours)", "logger": "__main__", "level": "info", "timestamp": "2025-09-09T03:30:32.791174Z"}
{"event": "save_processed_data_started", "logger": "__main__", "level": "info", "timestamp": "2025-09-09T03:30:32.791586Z"}
{"event": "data_info", "logger": "__main__", "level": "info", "timestamp": "2025-09-09T03:30:33.513499Z"}
{"event": "Processed data saved successfully.", "logger": "__main__", "level": "info", "timestamp": "2025-09-09T03:30:33.513855Z"}
{"event": "save_processed_data_completed", "logger": "__main__", "level": "info", "timestamp": "2025-09-09T03:30:33.514201Z"}
{"event": "--- Data Ingestion & Validation Pipeline Finished ---", "logger": "__main__", "level": "info", "timestamp": "2025-09-09T03:30:33.514539Z"}
{"event": "executing_mlflow_setup_test", "logger": "__main__", "level": "info", "timestamp": "2025-09-09T03:32:10.455812Z"}
{"event": "mlflow_setup_initialized_from_config", "logger": "__main__", "level": "info", "timestamp": "2025-09-09T03:32:11.709844Z"}
{"event": "starting_mlflow_test_run", "logger": "__main__", "level": "info", "timestamp": "2025-09-09T03:32:11.710152Z"}
{"event": "mlflow_test_run_logged", "logger": "__main__", "level": "info", "timestamp": "2025-09-09T03:32:12.249773Z"}
{"event": "mlflow_setup_successful", "logger": "__main__", "level": "info", "timestamp": "2025-09-09T03:32:12.271329Z"}
{"event": "mlflow_setup_test_succeeded", "logger": "__main__", "level": "info", "timestamp": "2025-09-09T03:32:12.271613Z"}
{"event": "Cannot use sqlite_vec for vector search", "logger": "root", "level": "warning", "timestamp": "2025-09-09T03:32:38.865310Z"}
{"event": "Cannot use sqlite_vec for vector search", "logger": "root", "level": "warning", "timestamp": "2025-09-09T03:32:38.865922Z"}
{"event": "Cannot use sqlite_vec for vector search", "logger": "root", "level": "warning", "timestamp": "2025-09-09T03:32:38.866496Z"}
{"event": "THIS IS A TEST ERROR MESSAGE.", "logger": "tests.unit.test_logging_is_working", "level": "error", "timestamp": "2025-09-09T03:51:39.644988Z"}
{"event": "THIS IS A TEST WARNING MESSAGE.", "logger": "tests.unit.test_logging_is_working", "level": "warning", "timestamp": "2025-09-09T03:51:39.646772Z"}
{"event": "THIS IS A TEST INFO MESSAGE.", "logger": "tests.unit.test_logging_is_working", "level": "info", "timestamp": "2025-09-09T03:51:39.647338Z"}
{"event": "--- Starting Data Ingestion & Validation Pipeline ---", "logger": "__main__", "level": "info", "timestamp": "2025-09-15T15:56:20.164304Z"}
{"event": "load_data_started", "logger": "__main__", "level": "info", "timestamp": "2025-09-15T15:56:20.165326Z"}
{"event": "File found. Attempting to load into pandas DataFrame.", "logger": "__main__", "level": "info", "timestamp": "2025-09-15T15:56:20.165565Z"}
{"event": "data_info", "logger": "__main__", "level": "info", "timestamp": "2025-09-15T15:56:21.414644Z"}
{"event": "load_data_completed", "logger": "__main__", "level": "info", "timestamp": "2025-09-15T15:56:21.414926Z"}
{"event": "--- Profiling Raw Data ---", "logger": "__main__", "level": "info", "timestamp": "2025-09-15T15:56:21.415172Z"}
{"event": "\n        Data Quality Summary Report\n        ==========================\n        Generated on: 2025-09-15T15:56:23.413772\n\n        Basic Information:\n        - Rows: 600,000\n        - Columns: 11\n        - Memory Usage: 150.71 MB\n\n        Class Distribution:\n        - Fraud Cases: 798 (0.13%)\n        - Normal Cases: 599202\n        - Imbalance Ratio: 1:750.88\n\n        Data Quality Issues Found: 1 \n- [MEDIUM] Found 338359 transactions with balance inconsistencies\n\nTemporal Coverage:\n- Duration: 30.88 days (741 hours)", "logger": "__main__", "level": "info", "timestamp": "2025-09-15T15:56:23.414898Z"}
{"event": "--- Profiling Processed Data ---", "logger": "__main__", "level": "info", "timestamp": "2025-09-15T15:56:23.897873Z"}
{"event": "\n        Data Quality Summary Report\n        ==========================\n        Generated on: 2025-09-15T15:56:25.681124\n\n        Basic Information:\n        - Rows: 600,000\n        - Columns: 11\n        - Memory Usage: 114.42 MB\n\n        Class Distribution:\n        - Fraud Cases: 798 (0.13%)\n        - Normal Cases: 599202\n        - Imbalance Ratio: 1:750.88\n\n        Data Quality Issues Found: 1 \n- [MEDIUM] Found 338359 transactions with balance inconsistencies\n\nTemporal Coverage:\n- Duration: 30.88 days (741 hours)", "logger": "__main__", "level": "info", "timestamp": "2025-09-15T15:56:25.682227Z"}
{"event": "save_processed_data_started", "logger": "__main__", "level": "info", "timestamp": "2025-09-15T15:56:25.682510Z"}
{"event": "data_info", "logger": "__main__", "level": "info", "timestamp": "2025-09-15T15:56:26.278302Z"}
{"event": "Processed data saved successfully.", "logger": "__main__", "level": "info", "timestamp": "2025-09-15T15:56:26.278551Z"}
{"event": "save_processed_data_completed", "logger": "__main__", "level": "info", "timestamp": "2025-09-15T15:56:26.278863Z"}
{"event": "--- Data Ingestion & Validation Pipeline Finished ---", "logger": "__main__", "level": "info", "timestamp": "2025-09-15T15:56:26.279139Z"}
